
File Size: 13312.000000 Bytes    13.000000 Blocks  0-12.000000


Last Block = 12



FILE = BANG
BLOCK =   0
     +1234567890123456789012345678901234567890123456789012345678901234
    0|( FIRE BASE EXPLOSION PATTERN )                                 
    1|PATTERN FBEXP1 6 B, 6 B, 3 B, 12 B,                             
    2|HEX 19 B, 2A B, 3B B, DECIMAL QUADPAT                           
    3|0000 B, 3000 B, 0010 B,                                         
    4|3000 B, 3303 B, 0000 B,                                         
    5|0333 B, 3333 B, 0030 B,                                         
    6|0033 B, 3333 B, 3330 B,                                         
    7|0033 B, 3133 B, 1333 B,                                         
    8|3333 B, 1111 B, 1330 B,                                         
    9|3331 B, 1111 B, 1330 B,                                         
   10|0333 B, 3311 B, 1330 B,                                         
   11|0033 B, 0333 B, 3300 B,                                         
   12|1030 B, 0033 B, 3001 B,                                         
   13|0000 B, 0033 B, 3000 B,                                         
   14|0000 B, 0003 B, 0000 B,                                         
   15|DECIMAL -->                                                     

BLOCK =   1
     +1234567890123456789012345678901234567890123456789012345678901234
    0|( ANOTHER FIREBASE EXPLOSION PATTERN )                          
    1|PATTERN FBEXP2 8 B, 9 B, 4 B, 17 B,                             
    2|HEX 19 B, 2A B, 3B B, DECIMAL QUADPAT                           
    3|0001 B, 0000 B, 0000 B, 0000 B,                                 
    4|0000 B, 1000 B, 0000 B, 0000 B,                                 
    5|0000 B, 1110 B, 0000 B, 0000 B,                                 
    6|0000 B, 0110 B, 0010 B, 0000 B,                                 
    7|0000 B, 0111 B, 1110 B, 0000 B,                                 
    8|0000 B, 0131 B, 1110 B, 0110 B,                                 
    9|0000 B, 1133 B, 3111 B, 1111 B,                                 
   10|0000 B, 1133 B, 3333 B, 3311 B,                                 
   11|3001 B, 1333 B, 3333 B, 3310 B,                                 
   12|0111 B, 1333 B, 3333 B, 3110 B,                                 
   13|0111 B, 3333 B, 3333 B, 3110 B,                                 
   14|0011 B, 3333 B, 3333 B, 3311 B,                                 
   15|0011 B, 3311 B, 3331 B, 3310 B, -->                             

BLOCK =   2
     +1234567890123456789012345678901234567890123456789012345678901234
    0|0000 B, 1111 B, 1111 B, 1110 B,                                 
    1|0011 B, 0110 B, 0110 B, 1011 B,                                 
    2|0010 B, 0000 B, 0000 B, 1000 B,                                 
    3|1100 B, 0000 B, 0000 B, 1000 B,                                 
    4|DECIMAL -->                                                     
    5|                                                                
    6|                                                                
    7|                                                                
    8|                                                                
    9|                                                                
   10|                                                                
   11|                                                                
   12|                                                                
   13|                                                                
   14|                                                                
   15|                                                                

BLOCK =   3
     +1234567890123456789012345678901234567890123456789012345678901234
    0| ( FBEXP3 )                                                     
    1| PATTERN FBEXP3 12 B, 11 B, 6 B, 23 B,                          
    2|HEX 19 B, 2A B, 3B B, DECIMAL QUADPAT                           
    3| 0000 B, 0000 B, 2000 B, 0000 B, 0000 B, 0000 B,                
    4| 0000 B, 0002 B, 1200 B, 0000 B, 0000 B, 0000 B,                
    5| 0000 B, 2221 B, 1120 B, 0000 B, 0000 B, 0000 B,                
    6| 0002 B, 1111 B, 1112 B, 0022 B, 0000 B, 0000 B,                
    7| 0023 B, 3133 B, 3311 B, 2212 B, 2000 B, 0000 B,                
    8| 0211 B, 3333 B, 3331 B, 1331 B, 1200 B, 0000 B,                
    9| 0021 B, 1333 B, 3333 B, 3331 B, 1120 B, 0000 B,                
   10| 0002 B, 3333 B, 3333 B, 3333 B, 1112 B, 0000 B,                
   11| 0000 B, 2333 B, 3333 B, 3333 B, 3111 B, 2000 B,                
   12| 0002 B, 1133 B, 3333 B, 3333 B, 3331 B, 1200 B,                
   13| 0021 B, 1333 B, 3333 B, 3333 B, 3311 B, 2000 B,                
   14| 0211 B, 3333 B, 3333 B, 3333 B, 3112 B, 0000 B,                
   15| 2211 B, 3333 B, 3333 B, 3333 B, 1120 B, 0000 B, -->            

BLOCK =   4
     +1234567890123456789012345678901234567890123456789012345678901234
    0|( CONTINUED FBEXP3 )                                            
    1|0211 B, 1133 B, 3333 B, 3311 B, 1120 B, 0000 B,                 
    2|0021 B, 3333 B, 3333 B, 3331 B, 2200 B, 0000 B,                 
    3|0002 B, 3323 B, 3333 B, 3332 B, 0000 B, 0000 B,                 
    4|0000 B, 3231 B, 3333 B, 3332 B, 0000 B, 0000 B,                 
    5|0000 B, 2133 B, 3333 B, 3332 B, 2200 B, 0000 B,                 
    6|0002 B, 1113 B, 3133 B, 3331 B, 1120 B, 0000 B,                 
    7|0000 B, 2111 B, 1123 B, 1311 B, 1200 B, 0000 B,                 
    8|0000 B, 0211 B, 1202 B, 1111 B, 2000 B, 0000 B,                 
    9|0000 B, 0021 B, 2000 B, 2112 B, 0000 B, 0000 B,                 
   10|0000 B, 0002 B, 0000 B, 0220 B, 0000 B, 0000 B,                 
   11|-->                                                             
   12|                                                                
   13|                                                                
   14|                                                                
   15|                                                                

BLOCK =   5
     +1234567890123456789012345678901234567890123456789012345678901234
    0|( FBEXP4 )                                                      
    1|DECIMAL PATTERN FBEXP4 10 B, 11 B, 5 B, 22 B,                   
    2|HEX 19 B, 2A B, 3B B, DECIMAL QUADPAT                           
    3|2000 B, 0000 B, 0020 B, 0000 B, 0000 B,                         
    4|0200 B, 0000 B, 0200 B, 0000 B, 0002 B,                         
    5|0020 B, 0000 B, 2000 B, 0000 B, 0020 B,                         
    6|0002 B, 0000 B, 2000 B, 0000 B, 0200 B,                         
    7|0000 B, 2202 B, 2201 B, 1000 B, 2000 B,                         
    8|0000 B, 0223 B, 1332 B, 1102 B, 0000 B,                         
    9|0000 B, 2233 B, 3333 B, 2110 B, 0002 B,                         
   10|0000 B, 0231 B, 3333 B, 3310 B, 0020 B,                         
   11|0000 B, 0223 B, 1333 B, 3111 B, 2200 B,                         
   12|0000 B, 0023 B, 1333 B, 3120 B, 0000 B,                         
   13|0000 B, 2223 B, 1333 B, 3122 B, 0000 B,                         
   14|0002 B, 2331 B, 3333 B, 3312 B, 0000 B,                         
   15|0022 B, 3133 B, 3333 B, 3220 B, 0000 B, -->                     

BLOCK =   6
     +1234567890123456789012345678901234567890123456789012345678901234
    0|( FBEXP4 CONTINUED )                                            
    1|0223 B, 3113 B, 3333 B, 1200 B, 0000 B,                         
    2|0002 B, 2311 B, 3331 B, 1220 B, 0000 B,                         
    3|0002 B, 2233 B, 3331 B, 3322 B, 0000 B,                         
    4|0020 B, 0232 B, 2233 B, 3320 B, 0000 B,                         
    5|0200 B, 0220 B, 0223 B, 3222 B, 0000 B,                         
    6|2000 B, 0000 B, 0022 B, 2202 B, 2000 B,                         
    7|0000 B, 0000 B, 0020 B, 0000 B, 0200 B,                         
    8|0000 B, 0000 B, 0200 B, 0000 B, 0020 B,                         
    9|0000 B, 0000 B, 2000 B, 0000 B, 0002 B,                         
   10|DECIMAL -->                                                     
   11|                                                                
   12|                                                                
   13|                                                                
   14|                                                                
   15|                                                                

BLOCK =   7
     +1234567890123456789012345678901234567890123456789012345678901234
    0|( FIREBASE EXPLOSION 5 )                                        
    1|PATTERN FBEXP5 10 B, 11 B, 5 B, 23 B,                           
    2|HEX 19 B, 2A B, 3B B, DECIMAL QUADPAT                           
    3|~ 0000 0000 0010 0003 0000 ^                                    
    4|~ 0000 0300 1001 1000 0300 ^                                    
    5|~ 0000 2030 0200 0020 0000 ^                                    
    6|~ 0000 0000 0001 0000 0000 ^                                    
    7|~ 0300 2100 2000 3000 0200 ^                                    
    8|~ 0030 0200 0002 0000 0033 ^                                    
    9|~ 0300 0020 0220 0030 0300 ^                                    
   10|~ 0000 0000 0300 0000 0003 ^                                    
   11|~ 0033 3002 2200 0110 0011 ^                                    
   12|~ 0003 3001 2000 1100 0122 ^                                    
   13|~ 0033 2201 2201 1010 1022 ^                                    
   14|~ 3300 0221 2011 1100 1110 ^                                    
   15|~ 3330 0022 2001 1110 1100 ^ -->                                

BLOCK =   8
     +1234567890123456789012345678901234567890123456789012345678901234
    0|( FBEXP5 CONTINUED )                                            
    1|~ 0030 2000 0222 2100 0000 ^                                    
    2|~ 0033 1110 0020 1020 1100 ^                                    
    3|~ 0300 0110 0200 1000 0100 ^                                    
    4|~ 0001 0003 0030 0010 0030 ^                                    
    5|~ 0000 0100 0000 0000 1000 ^                                    
    6|~ 0200 0000 0010 0000 0000 ^                                    
    7|~ 0001 0030 0000 0030 0010 ^                                    
    8|~ 0000 0000 0020 0000 0000 ^                                    
    9|~ 0000 0010 0000 0100 3000 ^                                    
   10|~ 0000 0000 0102 0030 0000 ^                                    
   11|DECIMAL -->                                                     
   12|                                                                
   13|                                                                
   14|                                                                
   15|                                                                

BLOCK =   9
     +1234567890123456789012345678901234567890123456789012345678901234
    0|( FIRE BASE EXPLOSION 6 )                                       
    1|PATTERN FBEXP6 10 B, 11 B, 5 B, 23 B,                           
    2|HEX 19 B, 2A B, 3B B, DECIMAL QUADPAT                           
    3|~ 0000 0000 3000 0000 0000 ^                                    
    4|~ 0000 0020 0000 0300 0000 ^                                    
    5|~ 0000 0000 0300 0000 0010 ^                                    
    6|~ 0001 0000 0000 0200 0000 ^                                    
    7|~ 0000 0000 0000 0000 0000 ^                                    
    8|~ 0002 0010 0031 0001 0200 ^                                    
    9|~ 0002 0000 1000 0000 0000 ^                                    
   10|~ 0000 0300 0001 0020 0000 ^                                    
   11|~ 0100 0000 0000 2000 0000 ^                                    
   12|~ 0001 0002 0000 0001 0300 ^                                    
   13|~ 3000 0000 0020 0000 0003 ^                                    
   14|~ 0020 0200 0000 0030 0010 ^                                    
   15|~ 0000 0001 0202 0000 2000 ^ -->                                

BLOCK =  10
     +1234567890123456789012345678901234567890123456789012345678901234
    0|( FIRE BASE EXPLOSION 6 CONTINUED )                             
    1|~ 2030 1000 0000 0303 0000 ^                                    
    2|~ 0001 0000 0200 0003 0001 ^                                    
    3|~ 1000 0010 0003 0100 0020 ^                                    
    4|~ 0000 0000 1000 0000 0000 ^                                    
    5|~ 0030 0300 0000 0000 0200 ^                                    
    6|~ 0000 0000 0000 0000 0000 ^                                    
    7|~ 0000 3010 0000 1000 0200 ^                                    
    8|~ 0000 0100 0200 0003 0000 ^                                    
    9|~ 0000 0003 0010 0000 0000 ^                                    
   10|~ 0000 0001 0020 1000 0000 ^                                    
   11|DECIMAL -->                                                     
   12|                                                                
   13|                                                                
   14|                                                                
   15|                                                                

BLOCK =  11
     +1234567890123456789012345678901234567890123456789012345678901234
    0|( EXPLOSION ANIM TABLE FOR GORFS )                              
    1|<ANIMATION                                                      
    2|<ANIM-TBL BANGA                                                 
    3|FBEXP1 2                                                        
    4|FBEXP4 2                                                        
    5|FBEXP2 2                                                        
    6|FBEXP3 2                                                        
    7|FBEXP5 2                                                        
    8|FBEXP6 2                                                        
    9|NULPAT 120 TBL>                                                 
   10|ANIMATION>                                                      
   11|BANGA BANGAi AT!                                                
   12|-->                                                             
   13|                                                                
   14|                                                                
   15|                                                                

BLOCK =  12
     +1234567890123456789012345678901234567890123456789012345678901234
    0|( EXPLOSION ANIM TABLE FOR PLAYER )                             
    1|<ANIMATION                                                      
    2|<ANIM-TBL BANGP                                                 
    3|FBEXP1 8                                                        
    4|FBEXP4 8                                                        
    5|FBEXP2 8                                                        
    6|FBEXP3 8                                                        
    7|FBEXP5 8                                                        
    8|FBEXP6 8                                                        
    9|NULPAT 120 TBL>                                                 
   10|ANIMATION>                                                      
   11|BANGP BANGPi AT!                                                
   12|;S                                                              
   13|                                                                
   14|                                                                
   15|                                                                





