
File Size: 9216.000000 Bytes    9.000000 Blocks  0-8.000000


Last Block = 8



FILE = CLONE-P
BLOCK =   0
     +1234567890123456789012345678901234567890123456789012345678901234
    0|( Pattern CLN0 ) <STKD                                          
    1|PATTERN CLN0 15 B, 13 B, 8 B, 28 B,                             
    2|HEX 1D B, 2E B, 3F B, DECIMAL QUADPAT                           
    3|~ 0000 0003 3333 3333 3333 3330 0000 0000 ^                     
    4|~ 0000 0033 3333 3333 3333 3333 0000 0000 ^                     
    5|~ 0000 0333 3333 3333 3333 3333 3000 0000 ^                     
    6|~ 0000 3333 3333 3333 3333 3333 3300 0000 ^                     
    7|~ 0003 3333 3333 3333 3333 3333 3330 0000 ^                     
    8|~ 0033 3333 3333 3333 3333 3333 3333 0000 ^                     
    9|~ 1333 3333 3333 3333 3333 3333 3333 3110 ^                     
   10|~ 1333 3333 3333 3322 3333 3333 3333 3110 ^                     
   11|~ 1333 3333 3333 3222 2333 3333 3333 3110 ^                     
   12|~ 1333 3333 3333 2222 2233 3333 3333 3110 ^                     
   13|~ 1333 3333 3332 2222 2223 3333 3333 3110 ^                     
   14|~ 1333 3333 3322 2222 2222 3333 3333 3110 ^                     
   15|~ 1333 3333 3222 2222 2222 2333 3333 3110 ^ -->                 

BLOCK =   1
     +1234567890123456789012345678901234567890123456789012345678901234
    0|~ 1333 3333 2222 2222 2222 2233 3333 3110 ^                     
    1|~ 1333 3333 2222 2222 2222 2233 3333 3110 ^                     
    2|~ 1333 3333 3222 2222 2222 2333 3333 3110 ^                     
    3|~ 1333 3333 3322 2222 2222 3333 3333 3110 ^                     
    4|~ 1333 3333 3332 2222 2223 3333 3333 3110 ^                     
    5|~ 1333 3333 3333 2222 2233 3333 3333 3110 ^                     
    6|~ 1333 3333 3333 3222 2333 3333 3333 3110 ^                     
    7|~ 1333 3333 3333 3322 3333 3333 3333 3110 ^                     
    8|~ 1333 3333 3333 3333 3333 3333 3333 3110 ^                     
    9|~ 0033 3333 3333 3333 3333 3333 3333 0000 ^                     
   10|~ 0003 3333 3333 3333 3333 3333 3330 0000 ^                     
   11|~ 0000 3333 3333 3333 3333 3333 3300 0000 ^                     
   12|~ 0000 0333 3333 3333 3333 3333 3000 0000 ^                     
   13|~ 0000 0033 3333 3333 3333 3333 0000 0000 ^                     
   14|~ 0000 0003 3333 3333 3333 3330 0000 0000 ^                     
   15|STK> -->                                                        

BLOCK =   2
     +1234567890123456789012345678901234567890123456789012345678901234
    0|( Pattern CLN32 ) <STKD PATTERN CLN32 17 B, 16 B, 9 B, 34 B,    
    1|HEX 1D B, 2E B, 3F B, DECIMAL QUADPAT                           
    2|~ 0000 0000 0111 0000 0000 0000 0000 0000 0000 ^                
    3|~ 0000 0000 1113 3333 3333 3333 0000 0000 0000 ^                
    4|~ 0000 0001 1333 3333 3333 3333 3000 0000 0000 ^                
    5|~ 0000 0001 1333 3333 3333 3333 3000 0000 0000 ^                
    6|~ 0000 0111 3333 3333 3333 3333 3300 0000 0000 ^                
    7|~ 0000 1113 3333 3333 3333 3333 3333 0000 0000 ^                
    8|~ 0000 1113 3333 3333 3333 3333 3333 0000 0000 ^                
    9|~ 0011 1333 3333 3333 3333 3333 3333 3000 0000 ^                
   10|~ 0111 3333 3333 3333 3333 3333 3333 3330 0000 ^                
   11|~ 1133 3333 3333 3333 3333 3333 3333 3333 0000 ^                
   12|~ 1133 3333 3333 3333 3333 3333 3333 3333 0000 ^                
   13|~ 0333 3333 3332 2222 2222 2222 3333 3333 3000 ^                
   14|~ 0333 3333 3332 2222 2222 2222 3333 3333 3000 ^                
   15|~ 0333 3333 3332 2222 2222 2222 3333 3333 3000 ^            --> 

BLOCK =   3
     +1234567890123456789012345678901234567890123456789012345678901234
    0|~ 0333 3333 3332 2222 2222 2222 3333 3333 3000 ^                
    1|~ 0333 3333 3332 2222 2222 2222 3333 3333 3000 ^                
    2|~ 0333 3333 3332 2222 2222 2222 3333 3333 3000 ^                
    3|~ 0333 3333 3332 2222 2222 2222 3333 3333 3000 ^                
    4|~ 0333 3333 3332 2222 2222 2222 3333 3333 3000 ^                
    5|~ 0333 3333 3332 2222 2222 2222 3333 3333 3000 ^                
    6|~ 0333 3333 3332 2222 2222 2222 3333 3333 3000 ^                
    7|~ 0333 3333 3332 2222 2222 2222 3333 3333 3000 ^                
    8|~ 0033 3333 3333 3333 3333 3333 3333 3333 1110 ^                
    9|~ 0033 3333 3333 3333 3333 3333 3333 3333 1110 ^                
   10|~ 0000 3333 3333 3333 3333 3333 3333 3331 1000 ^                
   11|~ 0000 0333 3333 3333 3333 3333 3333 3111 0000 ^                
   12|~ 0000 0003 3333 3333 3333 3333 3333 1110 0000 ^                
   13|~ 0000 0003 3333 3333 3333 3333 3333 1110 0000 ^                
   14|~ 0000 0000 3333 3333 3333 3333 3311 1000 0000 ^                
   15|~ 0000 0000 0333 3333 3333 3333 3111 0000 0000 ^            --> 

BLOCK =   4
     +1234567890123456789012345678901234567890123456789012345678901234
    0|~ 0000 0000 0333 3333 3333 3333 3111 0000 0000 ^                
    1|~ 0000 0000 0003 3333 3333 3333 1100 0000 0000 ^                
    2|~ 0000 0000 0000 0000 0000 0011 1000 0000 0000 ^                
    3|~ 0000 0000 0000 0000 0000 0000 0000 0000 0000 ^ STK> -->       
    4|                                                                
    5|                                                                
    6|                                                                
    7|                                                                
    8|                                                                
    9|                                                                
   10|                                                                
   11|                                                                
   12|                                                                
   13|                                                                
   14|                                                                
   15|                                                                

BLOCK =   5
     +1234567890123456789012345678901234567890123456789012345678901234
    0|( Pattern CLN64 ) <STKD PATTERN CLN64 13 B, 16 B, 8 B, 32 B,    
    1|HEX 1D B, 2E B, 3F B, DECIMAL QUADPAT                           
    2|~ 0000 0011 1111 1111 1111 1100 0000 0000 ^                     
    3|~ 0000 0011 1111 1111 1111 1100 0000 0000 ^                     
    4|~ 0000 0033 3333 3333 3333 3300 0000 0000 ^                     
    5|~ 0000 0333 3333 3333 3333 3330 0000 0000 ^                     
    6|~ 0000 3333 3333 3333 3333 3333 0000 0000 ^                     
    7|~ 0003 3333 3333 3333 3333 3333 3000 0000 ^                     
    8|~ 0033 3333 3333 3333 3333 3333 3300 0000 ^                     
    9|~ 0333 3333 3333 3333 3333 3333 3330 0000 ^                     
   10|~ 3333 3333 3333 3333 3333 3333 3333 0000 ^                     
   11|~ 3333 3333 3333 3223 3333 3333 3333 0000 ^                     
   12|~ 3333 3333 3333 2222 3333 3333 3333 0000 ^                     
   13|~ 3333 3333 3332 2222 2333 3333 3333 0000 ^                     
   14|~ 3333 3333 3322 2222 2233 3333 3333 0000 ^                     
   15|~ 3333 3333 3222 2222 2223 3333 3333 0000 ^                 --> 

BLOCK =   6
     +1234567890123456789012345678901234567890123456789012345678901234
    0|~ 3333 3333 2222 2222 2222 3333 3333 0000 ^                     
    1|~ 3333 3332 2222 2222 2222 2333 3333 0000 ^                     
    2|~ 3333 3332 2222 2222 2222 2333 3333 0000 ^                     
    3|~ 3333 3333 2222 2222 2222 3333 3333 0000 ^                     
    4|~ 3333 3333 3222 2222 2223 3333 3333 0000 ^                     
    5|~ 3333 3333 3322 2222 2233 3333 3333 0000 ^                     
    6|~ 3333 3333 3332 2222 2333 3333 3333 0000 ^                     
    7|~ 3333 3333 3333 2222 3333 3333 3333 0000 ^                     
    8|~ 3333 3333 3333 3223 3333 3333 3333 0000 ^                     
    9|~ 3333 3333 3333 3333 3333 3333 3333 0000 ^                     
   10|~ 0333 3333 3333 3333 3333 3333 3330 0000 ^                     
   11|~ 0033 3333 3333 3333 3333 3333 3300 0000 ^                     
   12|~ 0003 3333 3333 3333 3333 3333 3000 0000 ^                     
   13|~ 0000 3333 3333 3333 3333 3333 0000 0000 ^                     
   14|~ 0000 0333 3333 3333 3333 3330 0000 0000 ^                     
   15|~ 0000 0033 3333 3333 3333 3300 0000 0000 ^                 --> 

BLOCK =   7
     +1234567890123456789012345678901234567890123456789012345678901234
    0|~ 0000 0011 1111 1111 1111 1100 0000 0000 ^                     
    1|~ 0000 0011 1111 1111 1111 1100 0000 0000 ^ STK> -->            
    2|                                                                
    3|                                                                
    4|                                                                
    5|                                                                
    6|                                                                
    7|                                                                
    8|                                                                
    9|                                                                
   10|                                                                
   11|                                                                
   12|                                                                
   13|                                                                
   14|                                                                
   15|                                                                

BLOCK =   8
     +1234567890123456789012345678901234567890123456789012345678901234
    0|( CLONE ROTATION TABLE )                                        
    1|<ANIMATION                                                      
    2|<ROT-TBL CLONETBL                                               
    3|CLN0 NORMAL                                                     
    4|CLN32 FLOP                                                      
    5|CLN64 FLOP                                                      
    6|CLN32 FLIP-FLOP                                                 
    7|CLN0 FLIP                                                       
    8|CLN32 FLIP                                                      
    9|CLN64 NORMAL                                                    
   10|CLN32 NORMAL                                                    
   11|TBL>                                                            
   12|ANIMATION>                                                      
   13|CLONETBL CLNi AT!                                               
   14|-->                                                             
   15|                                                                





