
File Size: 1024.000000 Bytes    1.000000 Blocks  0-0.000000


Last Block = 0



FILE = DEB-P
BLOCK =   0
     +1234567890123456789012345678901234567890123456789012345678901234
    0|( Pattern DEB-P ) <STKD                                         
    1|PATTERN DEB-P 8 B, 3 B, 4 B, 7 B,                               
    2|HEX 19 B, 2F B, 3B B, DECIMAL QUADPAT                           
    3|~ 0001 1111 1111 0000 ^                                         
    4|~ 0021 2121 2121 2000 ^                                         
    5|~ 0111 1111 1111 1100 ^                                         
    6|~ 3333 3333 3333 3330 ^                                         
    7|~ 3333 3333 3333 3330 ^                                         
    8|~ 0002 2222 2222 0000 ^                                         
    9|~ 0000 2222 2220 0000 ^                                         
   10|STK>                                                            
   11|DEB-P DEBi AT!                                                  
   12|-->                                                             
   13|                                                                
   14|                                                                
   15|                                                                





