
File Size: 1024.000000 Bytes    1.000000 Blocks  0-0.000000


Last Block = 0



FILE = GB-P
BLOCK =   0
     +1234567890123456789012345678901234567890123456789012345678901234
    0|( Pattern GB-P ) <STKD                                          
    1|PATTERN GB-P 6 B, 5 B, 3 B, 10 B,                               
    2|HEX 1A B, 2D B, 3F B, DECIMAL QUADPAT                           
    3|~ 0000 3130 0000 ^                                              
    4|~ 0003 1313 0000 ^                                              
    5|~ 0031 3131 3000 ^                                              
    6|~ 0111 1111 1100 ^                                              
    7|~ 2222 2222 2220 ^                                              
    8|~ 2222 2222 2220 ^                                              
    9|~ 2211 1111 2220 ^                                              
   10|~ 2311 1111 3220 ^                                              
   11|~ 2211 1111 3320 ^                                              
   12|~ 3332 2223 3330 ^                                              
   13|STK>                                                            
   14|GB-P GBi AT!                                                    
   15|-->                                                             





