
File Size: 2048.000000 Bytes    2.000000 Blocks  0-1.000000


Last Block = 1



FILE = GORF-P
BLOCK =   0
     +1234567890123456789012345678901234567890123456789012345678901234
    0|( Pattern GORF-PAT ) <STKD                                      
    1|PATTERN GORF-PAT 5 B, 6 B, 3 B, 13 B,                           
    2|HEX 19 B, 2A B, 3C B, DECIMAL QUADPAT                           
    3|~ 1000 3300 0100 ^                                              
    4|~ 0103 3330 1000 ^                                              
    5|~ 0033 3333 0000 ^                                              
    6|~ 0333 3333 3000 ^                                              
    7|~ 0311 3311 3000 ^                                              
    8|~ 3321 3321 3300 ^                                              
    9|~ 3321 3321 3300 ^                                              
   10|~ 3333 3333 3300 ^                                              
   11|~ 3332 1123 3300 ^                                              
   12|~ 3331 1213 3300 ^                                              
   13|~ 0233 3333 2000 ^                                              
   14|~ 0203 3330 2000 ^                                              
   15|~ 2200 0002 2000 ^ STK> -->                                     

BLOCK =   1
     +1234567890123456789012345678901234567890123456789012345678901234
    0|GORF-PAT GORFi AT!                                              
    1|-->                                                             
    2|                                                                
    3|                                                                
    4|                                                                
    5|                                                                
    6|                                                                
    7|                                                                
    8|                                                                
    9|                                                                
   10|                                                                
   11|                                                                
   12|                                                                
   13|                                                                
   14|                                                                
   15|                                                                





