
File Size: 1024.000000 Bytes    1.000000 Blocks  0-0.000000


Last Block = 0



FILE = GRD-P
BLOCK =   0
     +1234567890123456789012345678901234567890123456789012345678901234
    0|( Pattern GRD-P ) <STKD                                         
    1|PATTERN GRD-P 6 B, 5 B, 3 B, 10 B,                              
    2|HEX 1A B, 2B B, 3C B, DECIMAL QUADPAT                           
    3|~ 0001 1100 0000 ^                                              
    4|~ 0013 3310 0000 ^                                              
    5|~ 0113 3311 0000 ^                                              
    6|~ 0111 1111 0000 ^                                              
    7|~ 1111 1111 1000 ^                                              
    8|~ 2121 2121 2000 ^                                              
    9|~ 1111 1111 1000 ^                                              
   10|~ 1111 1111 1000 ^                                              
   11|~ 1111 1111 1000 ^                                              
   12|~ 0222 2222 0000 ^                                              
   13|STK>                                                            
   14|GRD-P GRDi AT!                                                  
   15|-->                                                             





