
File Size: 2048.000000 Bytes    2.000000 Blocks  0-1.000000


Last Block = 1



FILE = LAZON-P
BLOCK =   0
     +1234567890123456789012345678901234567890123456789012345678901234
    0|( Pattern LAZON ) <STKD                                         
    1|PATTERN LAZON 6 B, 6 B, 4 B, 13 B,                              
    2|HEX 1B B, 2C B, 3D B, DECIMAL QUADPAT                           
    3|~ 0000 0020 0000 0000 ^                                         
    4|~ 0000 0020 0000 0000 ^                                         
    5|~ 0200 0333 0002 0000 ^                                         
    6|~ 0020 3333 3020 0000 ^                                         
    7|~ 0003 3333 3300 0000 ^                                         
    8|~ 0033 1333 1330 0000 ^                                         
    9|~ 2233 0333 0332 2000 ^                                         
   10|~ 0033 3333 3330 0000 ^                                         
   11|~ 0003 3333 3300 0000 ^                                         
   12|~ 0020 3333 3020 0000 ^                                         
   13|~ 0200 0333 0002 0000 ^                                         
   14|~ 0000 0020 0000 0000 ^                                         
   15|~ 0000 0020 0000 0000 ^ STK> -->                                

BLOCK =   1
     +1234567890123456789012345678901234567890123456789012345678901234
    0|LAZON LAZONi AT!                                                
    1|-->                                                             
    2|                                                                
    3|                                                                
    4|                                                                
    5|                                                                
    6|                                                                
    7|                                                                
    8|                                                                
    9|                                                                
   10|                                                                
   11|                                                                
   12|                                                                
   13|                                                                
   14|                                                                
   15|                                                                





