
File Size: 2048.000000 Bytes    2.000000 Blocks  0-1.000000


Last Block = 1



FILE = SHLD-P
BLOCK =   0
     +1234567890123456789012345678901234567890123456789012345678901234
    0|( Pattern SHLD-P ) <STKD                                        
    1|PATTERN SHLD-P 8 B, 8 B, 4 B, 16 B,                             
    2|HEX 1D B, 2C B, 3B B, DECIMAL QUADPAT                           
    3|~ 0000 1111 1111 0000 ^                                         
    4|~ 0000 1111 1111 0000 ^                                         
    5|~ 0000 3333 3333 0000 ^                                         
    6|~ 0000 0333 3330 0000 ^                                         
    7|~ 1130 0033 3300 0311 ^                                         
    8|~ 1133 0022 2200 3311 ^                                         
    9|~ 1133 3222 2223 3311 ^                                         
   10|~ 1133 3222 2223 3311 ^                                         
   11|~ 1133 3222 2223 3311 ^                                         
   12|~ 1133 3222 2223 3311 ^                                         
   13|~ 1133 0022 2200 3311 ^                                         
   14|~ 1130 0033 3300 0311 ^                                         
   15|~ 0000 0333 3330 0000 ^ -->                                     

BLOCK =   1
     +1234567890123456789012345678901234567890123456789012345678901234
    0|~ 0000 3333 3333 0000 ^                                         
    1|~ 0000 1111 1111 0000 ^                                         
    2|~ 0000 1111 1111 0000 ^ STK>                                    
    3|                                                                
    4|SHLD-P SHLDi AT!                                                
    5|-->                                                             
    6|                                                                
    7|                                                                
    8|                                                                
    9|                                                                
   10|                                                                
   11|                                                                
   12|                                                                
   13|                                                                
   14|                                                                
   15|                                                                





