
File Size: 1024.000000 Bytes    1.000000 Blocks  0-0.000000


Last Block = 0



FILE = TESTPAT
BLOCK =   0
     +1234567890123456789012345678901234567890123456789012345678901234
    0|DATA NERD 0 B, 0 B,                                             
    1|-->                                                             
    2|                                                                
    3|                                                                
    4|                                                                
    5|                                                                
    6|                                                                
    7|                                                                
    8|                                                                
    9|                                                                
   10|                                                                
   11|                                                                
   12|                                                                
   13|                                                                
   14|                                                                
   15|                                                                





