
File Size: 1024.000000 Bytes    1.000000 Blocks  0-0.000000


Last Block = 0



FILE = TRION-P
BLOCK =   0
     +1234567890123456789012345678901234567890123456789012345678901234
    0|( Pattern TRION-P ) <STKD                                       
    1|PATTERN TRION-P 8 B, 4 B, 4 B, 8 B,                             
    2|HEX 1E B, 2D B, 3C B, DECIMAL QUADPAT                           
    3|~ 0000 0001 0000 0000 ^                                         
    4|~ 0000 0011 1000 0000 ^                                         
    5|~ 0000 0111 1100 0000 ^                                         
    6|~ 0000 1111 1110 0000 ^                                         
    7|~ 0001 1221 2211 0000 ^                                         
    8|~ 0011 1231 2311 1000 ^                                         
    9|~ 0111 1111 1111 1100 ^                                         
   10|~ 1111 1111 1111 1110 ^                                         
   11|STK>                                                            
   12|TRION-P TRIONi AT!                                              
   13|-->                                                             
   14|                                                                
   15|                                                                





