
File Size: 1024.000000 Bytes    1.000000 Blocks  0-0.000000


Last Block = 0



FILE = HK-P
BLOCK =   0
     +1234567890123456789012345678901234567890123456789012345678901234
    0|( Pattern HK-P ) <STKD                                          
    1|PATTERN HK-P 6 B, 5 B, 3 B, 10 B,                               
    2|HEX 1E B, 29 B, 3D B, DECIMAL QUADPAT                           
    3|~ 0003 3330 0000 ^                                              
    4|~ 0012 2221 0000 ^                                              
    5|~ 0111 1111 1000 ^                                              
    6|~ 3212 2221 2300 ^                                              
    7|~ 3212 2221 2300 ^                                              
    8|~ 3212 2221 2300 ^                                              
    9|~ 3212 2221 2300 ^                                              
   10|~ 0111 1111 1000 ^                                              
   11|~ 0012 2221 0000 ^                                              
   12|~ 0003 3330 0000 ^                                              
   13|STK>                                                            
   14|-->                                                             
   15|                                                                





