
File Size: 5120.000000 Bytes    5.000000 Blocks  0-4.000000


Last Block = 4



FILE = KAMI-P
BLOCK =   0
     +1234567890123456789012345678901234567890123456789012345678901234
    0|( Pattern COMC5B ) <STKD                                        
    1|PATTERN COMC5B 7 B, 3 B, 4 B, 9 B,                              
    2|HEX 1A B, 2B B, 3C B, DECIMAL QUADPAT                           
    3|~ 0002 2000 0220 0000 ^                                         
    4|~ 0000 0200 2000 0000 ^                                         
    5|~ 0222 0022 0022 2000 ^                                         
    6|~ 2222 0122 1022 2200 ^                                         
    7|~ 3222 2233 2222 2300 ^                                         
    8|~ 3000 0222 2000 0300 ^                                         
    9|~ 0330 0000 0000 3000 ^                                         
   10|~ 0303 0000 0033 0000 ^                                         
   11|~ 0000 0000 0300 3000 ^ STK> -->                                
   12|                                                                
   13|                                                                
   14|                                                                
   15|                                                                

BLOCK =   1
     +1234567890123456789012345678901234567890123456789012345678901234
    0|( Pattern COMC5A ) <STKD                                        
    1|PATTERN COMC5A 7 B, 3 B, 4 B, 9 B,                              
    2|HEX 1A B, 2B B, 3C B, DECIMAL QUADPAT                           
    3|~ 0002 2000 0220 0000 ^                                         
    4|~ 0000 0200 2000 0000 ^                                         
    5|~ 0222 0022 0022 2000 ^                                         
    6|~ 2222 0022 0022 2200 ^                                         
    7|~ 3222 2233 2222 2300 ^                                         
    8|~ 3000 0222 2000 0300 ^                                         
    9|~ 0300 0000 0003 3000 ^                                         
   10|~ 0033 0000 0030 3000 ^                                         
   11|~ 0300 3000 0000 0000 ^ STK> -->                                
   12|                                                                
   13|                                                                
   14|                                                                
   15|                                                                

BLOCK =   2
     +1234567890123456789012345678901234567890123456789012345678901234
    0|( Pattern COMC5 ) <STKD                                         
    1|PATTERN COMC5 7 B, 3 B, 4 B, 9 B,                               
    2|HEX 1A B, 2B B, 3C B, DECIMAL QUADPAT                           
    3|~ 0002 2000 0220 0000 ^                                         
    4|~ 0000 0200 2000 0000 ^                                         
    5|~ 0222 1022 1022 2000 ^                                         
    6|~ 2222 2222 2222 2200 ^                                         
    7|~ 3222 2233 2222 2300 ^                                         
    8|~ 3000 0222 2000 0300 ^                                         
    9|~ 0300 0000 0003 3000 ^                                         
   10|~ 0033 0000 0030 3000 ^                                         
   11|~ 0300 3000 0000 0000 ^ STK> -->                                
   12|                                                                
   13|                                                                
   14|                                                                
   15|                                                                

BLOCK =   3
     +1234567890123456789012345678901234567890123456789012345678901234
    0|( Pattern COMC6 ) <STKD                                         
    1|PATTERN COMC6 7 B, 3 B, 4 B, 9 B,                               
    2|HEX 1A B, 2B B, 3C B, DECIMAL QUADPAT                           
    3|~ 0002 2000 0220 0000 ^                                         
    4|~ 0000 0200 2000 0000 ^                                         
    5|~ 0222 0022 0022 2000 ^                                         
    6|~ 2222 0022 0022 2200 ^                                         
    7|~ 3222 2233 2222 2300 ^                                         
    8|~ 3000 0222 2000 0300 ^                                         
    9|~ 0330 0000 0000 3000 ^                                         
   10|~ 0303 0000 0033 0000 ^                                         
   11|~ 0000 0000 0300 3000 ^ STK> -->                                
   12|                                                                
   13|                                                                
   14|                                                                
   15|                                                                

BLOCK =   4
     +1234567890123456789012345678901234567890123456789012345678901234
    0|( ANIM-TBL THECCZ )                                             
    1|<ANIM-TBL SPINV                                                 
    2|COMC5 8                                                         
    3|COMC5A 8                                                        
    4|COMC5B 8                                                        
    5|COMC6 8                                                         
    6|TBL>                                                            
    7|-->                                                             
    8|                                                                
    9|                                                                
   10|                                                                
   11|                                                                
   12|                                                                
   13|                                                                
   14|                                                                
   15|                                                                





