
File Size: 1024.000000 Bytes    1.000000 Blocks  0-0.000000


Last Block = 0



FILE = MITE-P
BLOCK =   0
     +1234567890123456789012345678901234567890123456789012345678901234
    0|( Pattern MITE-P ) <STKD                                        
    1|PATTERN MITE-P 5 B, 5 B, 3 B, 11 B,                             
    2|HEX 19 B, 2A B, 3B B, DECIMAL QUADPAT                           
    3|~ 0001 0010 0000 ^                                              
    4|~ 0110 0001 1000 ^                                              
    5|~ 1100 0000 1100 ^                                              
    6|~ 1100 2200 1100 ^                                              
    7|~ 0112 2221 1000 ^                                              
    8|~ 0123 2232 1000 ^                                              
    9|~ 0022 2222 0000 ^                                              
   10|~ 0022 2222 0000 ^                                              
   11|~ 0322 2222 3000 ^                                              
   12|~ 3002 2220 0300 ^                                              
   13|~ 0000 2200 0000 ^                                              
   14|STK> -->                                                        
   15|                                                                





