
File Size: 1024.000000 Bytes    1.000000 Blocks  0-0.000000


Last Block = 0



FILE = NULPAT
BLOCK =   0
     +1234567890123456789012345678901234567890123456789012345678901234
    0|( NULLPATS AND NEAT BIT ROUTINES )                              
    1|DECIMAL                                                         
    2|PATTERN NULPAT 0 B, 0 B, 1 B, 1 B,                              
    3|HEX 10 B, 20 B, 30 B, DECIMAL                                   
    4|0 B,                                                            
    5|;S                                                              
    6|                                                                
    7|                                                                
    8|                                                                
    9|                                                                
   10|                                                                
   11|                                                                
   12|                                                                
   13|                                                                
   14|                                                                
   15|                                                                





