
File Size: 2048.000000 Bytes    2.000000 Blocks  0-1.000000


Last Block = 1



FILE = PLUP
BLOCK =   0
     +1234567890123456789012345678901234567890123456789012345678901234
    0|( PLAYER UP INDICATOR - PLAYER 1 )                              
    1|DATA P1UP 3 B, 6 B, 2 B, 12 B,                                  
    2|HEX 15 B, 26 B, 37 B, DECIMAL QUADPAT                           
    3|~ 1111 1111 ^                                                   
    4|~ 1110 0111 ^                                                   
    5|~ 1100 0111 ^                                                   
    6|~ 1100 0111 ^                                                   
    7|~ 1110 0111 ^                                                   
    8|~ 1110 0111 ^                                                   
    9|~ 1110 0111 ^                                                   
   10|~ 1110 0111 ^                                                   
   11|~ 1110 0111 ^                                                   
   12|~ 1000 0001 ^                                                   
   13|~ 1000 0001 ^                                                   
   14|~ 1111 1111 ^                                                   
   15|DECIMAL -->                                                     

BLOCK =   1
     +1234567890123456789012345678901234567890123456789012345678901234
    0|( PLAYER UP INDICATOR - PLAYER 2 )                              
    1|DATA P2UP 3 B, 6 B, 2 B, 12 B,                                  
    2|HEX 15 B, 26 B, 37 B, DECIMAL QUADPAT                           
    3|~ 1111 1111 ^                                                   
    4|~ 1100 0011 ^                                                   
    5|~ 1000 0001 ^                                                   
    6|~ 1001 1001 ^                                                   
    7|~ 1111 1001 ^                                                   
    8|~ 1111 0011 ^                                                   
    9|~ 1110 0111 ^                                                   
   10|~ 1100 1111 ^                                                   
   11|~ 1001 1111 ^                                                   
   12|~ 1000 0001 ^                                                   
   13|~ 1000 0001 ^                                                   
   14|~ 1111 1111 ^                                                   
   15|DECIMAL -->                                                     





