
File Size: 5120.000000 Bytes    5.000000 Blocks  0-4.000000


Last Block = 4



FILE = PLY-P
BLOCK =   0
     +1234567890123456789012345678901234567890123456789012345678901234
    0|( Pattern P1 ) <STKD                                            
    1|PATTERN PLY1-P 7 B, 7 B, 4 B, 15 B,                             
    2|HEX 15 B, 26 B, 37 B, DECIMAL QUADPAT                           
    3|~ 0000 0003 0000 0000 ^                                         
    4|~ 0000 0031 3000 0000 ^                                         
    5|~ 0000 0311 1300 0000 ^                                         
    6|~ 0000 3333 3330 0000 ^                                         
    7|~ 0033 3311 1333 3000 ^                                         
    8|~ 2223 3111 1133 2220 ^                                         
    9|~ 2223 3110 1133 2220 ^                                         
   10|~ 2223 1100 1113 2220 ^                                         
   11|~ 2223 1110 1113 2220 ^                                         
   12|~ 2223 1110 1113 2220 ^                                         
   13|~ 2223 1100 0113 2220 ^                                         
   14|~ 2223 3111 1133 2220 ^                                         
   15|~ 2220 3311 1330 2220 ^ -->                                     

BLOCK =   1
     +1234567890123456789012345678901234567890123456789012345678901234
    0|~ 2220 0333 3300 2220 ^                                         
    1|~ 2220 0022 2000 2220 ^ STK> -->                                
    2|                                                                
    3|                                                                
    4|                                                                
    5|                                                                
    6|                                                                
    7|                                                                
    8|                                                                
    9|                                                                
   10|                                                                
   11|                                                                
   12|                                                                
   13|                                                                
   14|                                                                
   15|                                                                

BLOCK =   2
     +1234567890123456789012345678901234567890123456789012345678901234
    0|( Pattern P2 ) <STKD                                            
    1|PATTERN PLY2-P 7 B, 7 B, 4 B, 15 B,                             
    2|HEX 15 B, 26 B, 37 B, DECIMAL QUADPAT                           
    3|~ 0000 0003 0000 0000 ^                                         
    4|~ 0000 0031 3000 0000 ^                                         
    5|~ 0000 0311 1300 0000 ^                                         
    6|~ 0000 3333 3330 0000 ^                                         
    7|~ 0033 3311 1333 3000 ^                                         
    8|~ 2223 3111 1133 2220 ^                                         
    9|~ 2223 3100 0133 2220 ^                                         
   10|~ 2223 1111 0113 2220 ^                                         
   11|~ 2223 1110 0113 2220 ^                                         
   12|~ 2223 1101 1113 2220 ^                                         
   13|~ 2223 1100 0113 2220 ^                                         
   14|~ 2223 3111 1133 2220 ^                                         
   15|~ 2220 3311 1330 2220 ^ -->                                     

BLOCK =   3
     +1234567890123456789012345678901234567890123456789012345678901234
    0|~ 2220 0333 3300 2220 ^                                         
    1|~ 2220 0022 2000 2220 ^ STK>                                    
    2|-->                                                             
    3|                                                                
    4|                                                                
    5|                                                                
    6|                                                                
    7|                                                                
    8|                                                                
    9|                                                                
   10|                                                                
   11|                                                                
   12|                                                                
   13|                                                                
   14|                                                                
   15|                                                                

BLOCK =   4
     +1234567890123456789012345678901234567890123456789012345678901234
    0|( SMALL FIREBASE PATTERN INDICATING REMAINING SHIPS )           
    1|PATTERN SBASE 3 B, 4 B, 2 B, 8 B,                               
    2|HEX 15 B, 26 B, 37 B, DECIMAL QUADPAT                           
    3|~ 0001 0000 ^                                                   
    4|~ 0001 0000 ^                                                   
    5|~ 0033 3000 ^                                                   
    6|~ 0311 1300 ^                                                   
    7|~ 2311 1320 ^                                                   
    8|~ 2231 3220 ^                                                   
    9|~ 2203 0220 ^                                                   
   10|~ 2200 0220 ^                                                   
   11|DECIMAL -->                                                     
   12|                                                                
   13|                                                                
   14|                                                                
   15|                                                                





