
File Size: 3072.000000 Bytes    3.000000 Blocks  0-2.000000


Last Block = 2



FILE = SMINE-P
BLOCK =   0
     +1234567890123456789012345678901234567890123456789012345678901234
    0|( Pattern SMINE ) <STKD                                         
    1|PATTERN SMINE0 6 B, 6 B, 4 B, 13 B,                             
    2|HEX 1C B, 2D B, 3E B, DECIMAL QUADPAT                           
    3|~ 0000 0020 0000 0000 ^                                         
    4|~ 0000 0020 0000 0000 ^                                         
    5|~ 0000 0020 0000 0000 ^                                         
    6|~ 0000 2222 2000 0000 ^                                         
    7|~ 0002 2222 2200 0000 ^                                         
    8|~ 0002 2111 2200 0000 ^                                         
    9|~ 2222 2111 2222 2000 ^                                         
   10|~ 0002 2111 2200 0000 ^                                         
   11|~ 0002 2222 2200 0000 ^                                         
   12|~ 0000 2222 2000 0000 ^                                         
   13|~ 0000 0020 0000 0000 ^                                         
   14|~ 0000 0020 0000 0000 ^                                         
   15|~ 0000 0020 0000 0000 ^ STK> -->                                

BLOCK =   1
     +1234567890123456789012345678901234567890123456789012345678901234
    0|( Pattern SMINE1 ) <STKD                                        
    1|PATTERN SMINE1 1 B, 6 B, 1 B, 13 B,                             
    2|HEX 1C B, 2D B, 3E B, DECIMAL QUADPAT                           
    3|~ 0200 ^                                                        
    4|~ 0200 ^                                                        
    5|~ 0200 ^                                                        
    6|~ 0200 ^                                                        
    7|~ 0200 ^                                                        
    8|~ 0100 ^                                                        
    9|~ 0100 ^                                                        
   10|~ 0100 ^                                                        
   11|~ 0200 ^                                                        
   12|~ 0200 ^                                                        
   13|~ 0200 ^                                                        
   14|~ 0200 ^                                                        
   15|~ 0200 ^ STK> -->                                               

BLOCK =   2
     +1234567890123456789012345678901234567890123456789012345678901234
    0|( ANIM-TBL THESMINE )                                           
    1|<ANIM-TBL SMINE                                                 
    2|SMINE0 6                                                        
    3|SMINE1 6                                                        
    4|TBL>                                                            
    5|-->                                                             
    6|                                                                
    7|                                                                
    8|                                                                
    9|                                                                
   10|                                                                
   11|                                                                
   12|                                                                
   13|                                                                
   14|                                                                
   15|                                                                





