
File Size: 1024.000000 Bytes    1.000000 Blocks  0-0.000000


Last Block = 0



FILE = XCLOAD
BLOCK =   0
     +1234567890123456789012345678901234567890123456789012345678901234
    0|( LOAD BLK FOR CROSS-COMPILING ) DECIMAL                        
    1|FSLD FS.XC                                                      
    2|xcsys xc ASM .OPS                                               
    3|MORE-BUFFERS ( allocate 2 more disk buffers )                   
    4|17 <DRIVE OBJECT-FILE XC.PATTERNS DRIVE>                        
    5|HEX 4000 ROMSTART !  0F000 PSTACK !                             
    6|   0F800 RAMSTART !  0F400 RSTACK !                             
    7|XCBEG DECIMAL xcsys xc ASM .OPS                                 
    8|{ V= AT-HERE } { V= PT-HERE } HEX 04200 PT-HERE !               
    9|4000 C= ATBL 8040 DP ! DECIMAL                                  
   10|FLOAD CODE-LOAD                                                 
   11|FLOAD INDEX                                                     
   12|FLOAD PAT-LOAD                                                  
   13|FLOAD ANIM-MAP                                                  
   14|EX DED DESTROY FS.PAT xcsys XCFSYSAVE FS.PAT                    
   15|DECIMAL ;S                                                      





