
File Size: 4096.000000 Bytes    4.000000 Blocks  0-3.000000


Last Block = 3



FILE = OT
BLOCK =   0
     +1234567890123456789012345678901234567890123456789012345678901234
    0|( CHECK FOR ONTOP )                                             
    1|F= ONTL                                                         
    2|SUBR ONTOP? <ASSEMBLE                                           
    3|0 HOSTAB H LXI, 0 C MVI,                                        
    4|LABEL ONTL M E MOV, H INX, M D MOV, H INX,                      
    5|D A MOV, E ORA, RZ,                                             
    6|D PUSH, X POPX, OBJSV X A LDX, HSATP CPI, ONTL JRNZ,            
    7|B PUSH, LRDIST CALL, B POP,                                     
    8|A B MOV, 127 CPI, 0<>, IF,                                      
    9|DIST-1 X SUBX,                                                  
   10|0=, IF, 1 C MVI, ELSE, .ABS 0<, IF, 1 C MVI, THEN, .REL THEN,   
   11|ELSE, 0 B MVI, THEN,                                            
   12|B DIST-1 X STX, ONTL JMPR,                                      
   13|ASSEMBLE>                                                       
   14|-->                                                             
   15|                                                                

BLOCK =   1
     +1234567890123456789012345678901234567890123456789012345678901234
    0|( PLAYERS INTERRUPT LEVEL ONTOP CHECKER )                       
    1|SUBR PILOTR                                                     
    2|ASSMSV Y A LDX, A ANA, 0<>, IF,                                 
    3|ONTOP? CALL, C A MOV, A ANA, RNZ,                               
    4|ASCOOL ASSMSV Y MVIX, ( CLEAR ONTOP STATE )                     
    5|THEN, LOOKASS CALL, ( CHECK MY ASS )                            
    6|RET,                                                            
    7|SUBR PILOTC X PUSHX, PILOTR CALL, X POPX, RET,                  
    8|SUBR COPYDELTS                                                  
    9|BEHIND Y E LDX, BEHIND 1+ Y D LDX,                              
   10|BEGIN, D A MOV, E ORA, 0<>, WHILE,                              
   11|D PUSH, X POPX,                                                 
   12|L DELTADIST X STX, H DELTADIST 1+ X STX,                        
   13|BEHIND X E LDX, BEHIND 1+ X D LDX,                              
   14|REPEAT, RET,                                                    
   15|-->                                                             

BLOCK =   2
     +1234567890123456789012345678901234567890123456789012345678901234
    0|הההההההההההההההההההההההההההההההההההההההההההההההההההההההההההההההה
    1|הההההההההההההההההההההההההההההההההההההההההההההההההההההההההההההההה
    2|הההההההההההההההההההההההההההההההההההההההההההההההההההההההההההההההה
    3|הההההההההההההההההההההההההההההההההההההההההההההההההההההההההההההההה
    4|הההההההההההההההההההההההההההההההההההההההההההההההההההההההההההההההה
    5|הההההההההההההההההההההההההההההההההההההההההההההההההההההההההההההההה
    6|הההההההההההההההההההההההההההההההההההההההההההההההההההההההההההההההה
    7|הההההההההההההההההההההההההההההההההההההההההההההההההההההההההההההההה
    8|הההההההההההההההההההההההההההההההההההההההההההההההההההההההההההההההה
    9|הההההההההההההההההההההההההההההההההההההההההההההההההההההההההההההההה
   10|הההההההההההההההההההההההההההההההההההההההההההההההההההההההההההההההה
   11|הההההההההההההההההההההההההההההההההההההההההההההההההההההההההההההההה
   12|הההההההההההההההההההההההההההההההההההההההההההההההההההההההההההההההה
   13|הההההההההההההההההההההההההההההההההההההההההההההההההההההההההההההההה
   14|הההההההההההההההההההההההההההההההההההההההההההההההההההההההההההההההה
   15|הההההההההההההההההההההההההההההההההההההההההההההההההההההההההההההההה

BLOCK =   3
     +1234567890123456789012345678901234567890123456789012345678901234
    0|( INTERFACES TO THE TERSE WORLD )                               
    1|                                                                
    2|CODE PROPDELTAS X PUSHX, Y PUSHX, B PUSH,                       
    3|vaddr LIYD,                                                     
    4|DELTADIST Y L LDX, DELTADIST 1+ Y H LDX,                        
    5|COPYDELTS CALL,                                                 
    6|B POP, Y POPX, X POPX, NEXT                                     
    7|                                                                
    8|-->                                                             
    9|                                                                
   10|                                                                
   11|                                                                
   12|                                                                
   13|                                                                
   14|                                                                
   15|                                                                





