
File Size: 2048.000000 Bytes    2.000000 Blocks  0-1.000000


Last Block = 1



FILE = WP
BLOCK =   0
     +1234567890123456789012345678901234567890123456789012345678901234
    0|( WRITE PROTECTED ROTO GAME VARIABLES )                         
    1|XC? NOT IFTRUE                                                  
    2|BV= #PLA ( # OF PLAYERS 0= 1 PL, 1= 2 PL )                      
    3|BV= plup ( PLAYER UP 0 = PL 1, 1 = PL 2 )                       
    4|BV= botha ( BOTH PLAYERS ACTIVE FLAG )                          
    5|SUBR nerd+ plup LDA, A ANA, RZ, H INX, RET,                     
    6|CODE NERDUP plup LDA, 1 ANI, A L MOV, 0 H MVI, H PUSH, NEXT     
    7|V= sc1l V= sc1h ( PLAYER 1 SCORE LO AND HI )                    
    8|V= sc2l V= sc2h ( PLAYER 2 SCORE LO AND HI )                    
    9|2 A= g#m : GA# NERDUP g#m ; ( GAME # FOR EACH PLAYER )          
   10|2 BA= ma# : MA# NERDUP ma# ; ( MAGICS LEFT FOR EACH PLAYER )    
   11|2 BA= rr# : RR# NERDUP rr# ; ( ROTOS LEFT FOR EACH PLAYER )     
   12|2 BA= sc* : SC* NERDUP sc* ; ( SCORE MULT FOR EACH PLAYER )     
   13|IFEND                                                           
   14|-->                                                             
   15|                                                                

BLOCK =   1
     +1234567890123456789012345678901234567890123456789012345678901234
    0|( THESE FOLKS ARE TACKED ON AT END )                            
    1|XC? NOT IFTRUE                                                  
    2|2 BA= tr# : TR# NERDUP tr# ; ( TREASURE POINTER )               
    3|2 BA= mh# : MH# NERDUP mh# ; ( MAX HOSTAGES FREED )             
    4|BV= DIF ( DIFFICULTY FACTOR )                                   
    5|BV= GAMEOVER                                                    
    6|                                                                
    7|: WPB! B! ; : WP! ! ;                                           
    8|: 1+WPB! 1+B! ; : 1-WPB! 1-B! ;                                 
    9|: WPZERO ZERO ; : WPBONE BONE ; : WPBZERO BZERO ; IFEND         
   10|-->                                                             
   11|                                                                
   12|                                                                
   13|                                                                
   14|                                                                
   15|                                                                





